commit: 3bcfee23

transformer_babel Summary:
AST Parsed     : 2129/2129 (100.00%)
Positive Passed: 2129/2129 (100.00%)
